---
source: crates/localpilot-cli/src/doctor.rs
expression: render(&fixture())
---
LocalPilot 0.0.0-test
  binary: /bin/localpilot

platform:
  os:   testos
  arch: testarch

config search paths:
  user: /config/localpilot/config.toml (missing)
  project: /work/.localpilot.toml (present)

providers:
  local (local): credential LOCALPILOT_LOCAL_API_KEY [not set]; model (none); context window unknown
  openai (openai): credential OPENAI_API_KEY [keychain]; base https://api.openai.com/v1; model (none); context window unknown

tools:
  git (git): available
  ripgrep (rg): not found (optional)
  sqlite3 (sqlite3): not found (optional)

memory store: /work/.localmind
capabilities: doctor-json, models-json

workspace trust: unknown (evaluated when a session starts)
