---
source: crates/unshackled-tui/tests/render.rs
expression: "render_string(&base(), 90, 18)"
---
┌Unshackled──────────────────────────────────────────────────────────────────────────────┐
│Unshackled v0.1.0 | local/test-model | ws:demo | session:ab12cd                         │
└────────────────────────────────────────────────────────────────────────────────────────┘
┌transcript──────────────────────────────────────────────────────────────────────────────┐
│ you: summarize the parser                                                              │
│ assistant: The parser reports precise errors.                                          │
│                                                                                        │
│                                                                                        │
│                                                                                        │
│                                                                                        │
│                                                                                        │
│                                                                                        │
└────────────────────────────────────────────────────────────────────────────────────────┘
┌input  (Enter sends · trailing \, Ctrl+J, or Shift+Enter make a newline)────────────────┐
│                                                                                        │
└────────────────────────────────────────────────────────────────────────────────────────┘
mode:agent profile:default tok in/out:120/48 24 t/s ctx:1200/8000
