---
source: crates/localpilot-tui/tests/render.rs
expression: "render_natural(&state, 90)"
---
assistant: Streaming the answer live...                                                   
╭ input  (Enter sends · Alt+Enter/Ctrl+J/trailing \ newline · Ctrl+T history scope)──────╮
│                                                                                        │
╰────────────────────────────────────────────────────────────────────────────────────────╯
mode:agent profile:default tok in/out:120/48 24 t/s ctx:~1200/8000                        
test-model · session:ab12cd34
